# 2026.04.23

## 今日主题

今天的训练主题非常集中，主要是：

- 组合计数
- 乘法逆元

今天实际修改的源码主要有：

- `src/Training/组合计数/e.cpp`
- `src/Training/组合计数/f.cpp`
- `src/Training/组合计数/g.cpp`
- `src/Training/组合计数/h.cpp`
- `src/Training/组合计数/i.cpp`
- `src/Training/组合计数/j.cpp`
- `src/Training/组合计数/k.cpp`
- `src/Training/组合计数/l.cpp`
- `src/Training/组合计数/n.cpp`
- `src/Training/数论/L-乘法逆元.cpp`
- `src/Training/数论/M-又是乘法逆元.cpp`

## 今天练到的知识

### 1. 组合数与阶乘逆元

今天反复使用了组合数预处理、阶乘、逆元这些基础工具。

对应文件：
- `src/Training/组合计数/e.cpp`
- `src/Training/组合计数/f.cpp`
- `src/Training/组合计数/l.cpp`

今天需要记住的点：
- 组合数是很多计数题的底层工具
- 一旦题目需要多次查询 `C(n, k)`，通常都应该预处理阶乘和逆元
- 模数是质数时，可以用快速幂求逆元

### 2. 容斥原理

今天比较明显地在练容斥。

对应文件：
- `src/Training/组合计数/g.cpp`
- `src/Training/组合计数/j.cpp`

今天需要记住的点：
- 当题目要求“至少满足一个条件”或“排除含某些质因子的数”时，容斥往往是直接思路
- 容斥最核心的是枚举子集，然后根据子集大小决定加减
- 如果对象和质因子有关，通常会先分解质因子，再在质因子集合上做子集枚举

### 3. 质因数分解与计数

今天还练到了把一个数做质因数分解，再把指数转化成组合计数问题。

对应文件：
- `src/Training/组合计数/i.cpp`
- `src/Training/组合计数/j.cpp`

今天需要记住的点：
- 先把数拆成若干质因子幂次
- 再把“安排顺序”“分配次数”“不同步骤排列”转化成组合或多重排列问题
- 线性筛不仅能判素数，也能快速支持分解

### 4. 特殊计数模型

今天还覆盖了几种典型模型：

- 错排或类似递推计数：`src/Training/组合计数/f.cpp`
- Lucas 定理：`src/Training/组合计数/l.cpp`
- 子集和模 `n` 的 DP 构造：`src/Training/组合计数/k.cpp`

今天需要记住的点：
- 有些题不只是单纯套公式，而是“组合工具 + 递推 / DP / 数论”的混合题
- Lucas 定理适合处理大组合数取模小质数的问题

### 5. 乘法逆元

今天单独练了两种逆元相关写法。

对应文件：
- `src/Training/数论/L-乘法逆元.cpp`
- `src/Training/数论/M-又是乘法逆元.cpp`

今天需要记住的点：
- 线性求逆元：`inv[i] = p - (p / i) * inv[p % i] % p`
- 前缀积、后缀积、整体逆元，是“批量求每个位置逆元贡献”的经典套路

## 今天暴露出来的问题

### 1. 下标和数组大小要更谨慎

`src/Training/组合计数/k.cpp` 里：

- `vector<int> a(n);`
- 但后面按 `a[1] ... a[n]` 在访问

这里存在明显越界风险。

说明：
- 你今天在做题时思路可能是对的
- 但实现阶段下标习惯还要更稳

### 2. 模意义下的除法要警惕

`src/Training/组合计数/h.cpp` 里最后直接 `/ 2`：

- 如果题目答案要求取模
- 这里要特别确认是不是应该乘逆元，而不是普通整数除法

这类地方非常容易因为“公式看起来对”而写出细节 bug。

### 3. 专题还没完全收尾

`src/Training/组合计数/n.cpp` 目前还是空的。

说明：
- 今天的组合计数训练还没有完整结束
- 后面可以继续把这个专题补完

## 今天的整体判断

今天不是泛刷题的一天，而是一次比较明确的专项训练。

关键词：

- 组合数
- 容斥
- 质因数分解
- Lucas
- 逆元
- 模运算

整体上看，今天练的是“公式化计数 + 数论工具”这一类内容。

## 今天的收获

- 对组合计数底层工具的使用更熟了
- 重新碰到了容斥原理在质因子问题中的典型用法
- 复习了乘法逆元的两种常见套路
- 把组合计数和数论工具结合起来做题，而不是把它们完全分开学

## 需要回看的内容

优先回看：

- `src/Training/组合计数/k.cpp`
  重点检查数组下标和状态转移是否完全正确

- `src/Training/组合计数/h.cpp`
  重点检查最后的除法是否符合模意义

- `src/Training/组合计数/n.cpp`
  后续补完

可以复习一下方法而不一定重做整题：

- `src/Training/数论/L-乘法逆元.cpp`
- `src/Training/数论/M-又是乘法逆元.cpp`

## 明日建议

如果明天继续这个方向，可以这样接：

- 把今天没收尾的 `n.cpp` 补完
- 检查 `k.cpp` 和 `h.cpp` 的实现细节
- 再补几题“容斥 + 组合数”或“质因数分解 + 计数”的题
- 最后再做 1 到 2 题综合题，避免只停留在板子层面
